// Jest Snapshot v1, https://goo.gl/fbAQLP

exports[`Site graph component Snapshot testing 1`] = `
<div>
  <div
    class="aspect-h-8 aspect-w-12 md:aspect-h-6 lg:aspect-h-8 rounded border border-card overflow-hidden relative"
  >
    <svg
      class="bg-card"
    >
      <g
        transform="matrix(1 0 0 -1 0 0)"
      >
        <line
          class="stroke-neutral-300 dark:stroke-neutral-700"
          stroke-width="1"
          x1="0"
          x2="0"
          y1="0"
          y2="0"
        />
        <line
          class="stroke-neutral-300 dark:stroke-neutral-700"
          stroke-width="1"
          x1="0"
          x2="0"
          y1="0"
          y2="0"
        />
        <line
          class="stroke-neutral-300 dark:stroke-neutral-700"
          stroke-width="1"
          x1="0"
          x2="0"
          y1="0"
          y2="0"
        />
        <line
          class="stroke-neutral-300 dark:stroke-neutral-700"
          stroke-width="1"
          x1="0"
          x2="0"
          y1="0"
          y2="0"
        />
        <line
          class="stroke-neutral-300 dark:stroke-neutral-700"
          stroke-width="1"
          x1="0"
          x2="0"
          y1="0"
          y2="0"
        />
        <rect
          class="transition fill-neutral-500"
          height="20"
          width="0"
          x="0"
          y="0"
        />
        <rect
          class="transition fill-neutral-500"
          height="16.666666666666668"
          width="0"
          x="0"
          y="0"
        />
        <rect
          class="transition fill-neutral-500"
          height="16.666666666666668"
          width="0"
          x="0"
          y="0"
        />
        <rect
          class="transition fill-neutral-500"
          height="20"
          width="0"
          x="0"
          y="0"
        />
        <rect
          class="transition fill-neutral-500"
          height="10"
          width="0"
          x="0"
          y="0"
        />
        <rect
          class="transition fill-neutral-500"
          height="6.666666666666668"
          width="0"
          x="0"
          y="0"
        />
        <rect
          class="transition fill-neutral-500"
          height="16.666666666666668"
          width="0"
          x="0"
          y="0"
        />
        <rect
          class="transition fill-neutral-500"
          height="10"
          width="0"
          x="0"
          y="0"
        />
        <rect
          class="transition fill-neutral-500"
          height="0"
          width="0"
          x="0"
          y="0"
        />
        <rect
          class="transition fill-neutral-500"
          height="0"
          width="0"
          x="0"
          y="0"
        />
        <rect
          class="transition fill-neutral-500"
          height="16.666666666666668"
          width="0"
          x="0"
          y="0"
        />
        <rect
          class="transition fill-neutral-500"
          height="6.666666666666668"
          width="0"
          x="0"
          y="0"
        />
        <rect
          class="transition fill-neutral-500"
          height="10"
          width="0"
          x="0"
          y="0"
        />
        <rect
          class="transition fill-neutral-500"
          height="6.666666666666668"
          width="0"
          x="0"
          y="0"
        />
        <rect
          class="transition fill-neutral-500"
          height="16.666666666666668"
          width="0"
          x="0"
          y="0"
        />
        <rect
          class="transition fill-neutral-500"
          height="0"
          width="0"
          x="0"
          y="0"
        />
        <rect
          class="transition fill-neutral-500"
          height="10"
          width="0"
          x="0"
          y="0"
        />
        <rect
          class="transition fill-neutral-500"
          height="16.666666666666668"
          width="0"
          x="0"
          y="0"
        />
        <rect
          class="transition fill-neutral-500"
          height="13.333333333333334"
          width="0"
          x="0"
          y="0"
        />
        <rect
          class="transition fill-neutral-500"
          height="6.666666666666668"
          width="0"
          x="0"
          y="0"
        />
        <rect
          class="transition fill-neutral-500"
          height="6.666666666666668"
          width="0"
          x="0"
          y="0"
        />
        <rect
          class="transition fill-neutral-500"
          height="10"
          width="0"
          x="0"
          y="0"
        />
        <rect
          class="transition fill-neutral-500"
          height="16.666666666666668"
          width="0"
          x="0"
          y="0"
        />
        <rect
          class="transition fill-neutral-500"
          height="10"
          width="0"
          x="0"
          y="0"
        />
        <rect
          class="transition fill-neutral-500"
          height="6.666666666666668"
          width="0"
          x="0"
          y="0"
        />
        <rect
          class="transition fill-neutral-500"
          height="20"
          width="0"
          x="0"
          y="0"
        />
        <rect
          class="transition fill-neutral-500"
          height="0"
          width="0"
          x="0"
          y="0"
        />
        <rect
          class="transition fill-neutral-500"
          height="20"
          width="0"
          x="0"
          y="0"
        />
        <rect
          class="transition fill-neutral-500"
          height="6.666666666666668"
          width="0"
          x="0"
          y="0"
        />
        <rect
          class="transition fill-neutral-500"
          height="16.666666666666668"
          width="0"
          x="0"
          y="0"
        />
        <line
          class="stroke-neutral-500"
          stroke-width="1.5"
          x1="0"
          x2="0"
          y1="40"
          y2="36.55913978494624"
        />
        <line
          class="stroke-neutral-500"
          stroke-width="1.5"
          x1="0"
          x2="0"
          y1="36.55913978494624"
          y2="35.26881720430107"
        />
        <line
          class="stroke-neutral-500"
          stroke-width="1.5"
          x1="0"
          x2="0"
          y1="35.26881720430107"
          y2="34.40860215053763"
        />
        <line
          class="stroke-neutral-500"
          stroke-width="1.5"
          x1="0"
          x2="0"
          y1="34.40860215053763"
          y2="32.68817204301075"
        />
        <line
          class="stroke-neutral-500"
          stroke-width="1.5"
          x1="0"
          x2="0"
          y1="32.68817204301075"
          y2="31.827956989247312"
        />
        <line
          class="stroke-neutral-500"
          stroke-width="1.5"
          x1="0"
          x2="0"
          y1="31.827956989247312"
          y2="30.537634408602152"
        />
        <line
          class="stroke-neutral-500"
          stroke-width="1.5"
          x1="0"
          x2="0"
          y1="30.537634408602152"
          y2="27.526881720430108"
        />
        <line
          class="stroke-neutral-500"
          stroke-width="1.5"
          x1="0"
          x2="0"
          y1="27.526881720430108"
          y2="25.806451612903224"
        />
        <line
          class="stroke-neutral-500"
          stroke-width="1.5"
          x1="0"
          x2="0"
          y1="25.806451612903224"
          y2="24.516129032258064"
        />
        <line
          class="stroke-neutral-500"
          stroke-width="1.5"
          x1="0"
          x2="0"
          y1="24.516129032258064"
          y2="21.935483870967744"
        />
        <line
          class="stroke-neutral-500"
          stroke-width="1.5"
          x1="0"
          x2="0"
          y1="21.935483870967744"
          y2="21.0752688172043"
        />
        <line
          class="stroke-neutral-500"
          stroke-width="1.5"
          x1="0"
          x2="0"
          y1="21.0752688172043"
          y2="20.21505376344086"
        />
        <line
          class="stroke-neutral-500"
          stroke-width="1.5"
          x1="0"
          x2="0"
          y1="20.21505376344086"
          y2="19.35483870967742"
        />
        <line
          class="stroke-neutral-500"
          stroke-width="1.5"
          x1="0"
          x2="0"
          y1="19.35483870967742"
          y2="18.9247311827957"
        />
        <line
          class="stroke-neutral-500"
          stroke-width="1.5"
          x1="0"
          x2="0"
          y1="18.9247311827957"
          y2="15.483870967741936"
        />
        <line
          class="stroke-neutral-500"
          stroke-width="1.5"
          x1="0"
          x2="0"
          y1="15.483870967741936"
          y2="15.053763440860216"
        />
        <line
          class="stroke-neutral-500"
          stroke-width="1.5"
          x1="0"
          x2="0"
          y1="15.053763440860216"
          y2="14.193548387096776"
        />
        <line
          class="stroke-neutral-500"
          stroke-width="1.5"
          x1="0"
          x2="0"
          y1="14.193548387096776"
          y2="12.043010752688168"
        />
        <line
          class="stroke-neutral-500"
          stroke-width="1.5"
          x1="0"
          x2="0"
          y1="12.043010752688168"
          y2="10.752688172043008"
        />
        <line
          class="stroke-neutral-500"
          stroke-width="1.5"
          x1="0"
          x2="0"
          y1="10.752688172043008"
          y2="10.322580645161288"
        />
        <line
          class="stroke-neutral-500"
          stroke-width="1.5"
          x1="0"
          x2="0"
          y1="10.322580645161288"
          y2="9.032258064516128"
        />
        <line
          class="stroke-neutral-500"
          stroke-width="1.5"
          x1="0"
          x2="0"
          y1="9.032258064516128"
          y2="8.602150537634408"
        />
        <line
          class="stroke-neutral-500"
          stroke-width="1.5"
          x1="0"
          x2="0"
          y1="8.602150537634408"
          y2="8.172043010752688"
        />
        <line
          class="stroke-neutral-500"
          stroke-width="1.5"
          x1="0"
          x2="0"
          y1="8.172043010752688"
          y2="7.741935483870968"
        />
        <line
          class="stroke-neutral-500"
          stroke-width="1.5"
          x1="0"
          x2="0"
          y1="7.741935483870968"
          y2="7.311827956989248"
        />
        <line
          class="stroke-neutral-500"
          stroke-width="1.5"
          x1="0"
          x2="0"
          y1="7.311827956989248"
          y2="6.451612903225808"
        />
        <line
          class="stroke-neutral-500"
          stroke-width="1.5"
          x1="0"
          x2="0"
          y1="6.451612903225808"
          y2="5.591397849462368"
        />
        <line
          class="stroke-neutral-500"
          stroke-width="1.5"
          x1="0"
          x2="0"
          y1="5.591397849462368"
          y2="3.8709677419354875"
        />
        <line
          class="stroke-neutral-500"
          stroke-width="1.5"
          x1="0"
          x2="0"
          y1="3.8709677419354875"
          y2="0"
        />
        <circle
          class="transition fill-white dark:fill-black stroke-black dark:stroke-white"
          cx="0"
          cy="40"
          r="3"
          stroke-width="1.5"
        />
        <circle
          class="transition fill-white dark:fill-black stroke-black dark:stroke-white"
          cx="0"
          cy="36.55913978494624"
          r="3"
          stroke-width="1.5"
        />
        <circle
          class="transition fill-white dark:fill-black stroke-black dark:stroke-white"
          cx="0"
          cy="35.26881720430107"
          r="3"
          stroke-width="1.5"
        />
        <circle
          class="transition fill-white dark:fill-black stroke-black dark:stroke-white"
          cx="0"
          cy="34.40860215053763"
          r="3"
          stroke-width="1.5"
        />
        <circle
          class="transition fill-white dark:fill-black stroke-black dark:stroke-white"
          cx="0"
          cy="32.68817204301075"
          r="3"
          stroke-width="1.5"
        />
        <circle
          class="transition fill-white dark:fill-black stroke-black dark:stroke-white"
          cx="0"
          cy="31.827956989247312"
          r="3"
          stroke-width="1.5"
        />
        <circle
          class="transition fill-white dark:fill-black stroke-black dark:stroke-white"
          cx="0"
          cy="30.537634408602152"
          r="3"
          stroke-width="1.5"
        />
        <circle
          class="transition fill-white dark:fill-black stroke-black dark:stroke-white"
          cx="0"
          cy="27.526881720430108"
          r="3"
          stroke-width="1.5"
        />
        <circle
          class="transition fill-white dark:fill-black stroke-black dark:stroke-white"
          cx="0"
          cy="25.806451612903224"
          r="3"
          stroke-width="1.5"
        />
        <circle
          class="transition fill-white dark:fill-black stroke-black dark:stroke-white"
          cx="0"
          cy="24.516129032258064"
          r="3"
          stroke-width="1.5"
        />
        <circle
          class="transition fill-white dark:fill-black stroke-black dark:stroke-white"
          cx="0"
          cy="21.935483870967744"
          r="3"
          stroke-width="1.5"
        />
        <circle
          class="transition fill-white dark:fill-black stroke-black dark:stroke-white"
          cx="0"
          cy="21.0752688172043"
          r="3"
          stroke-width="1.5"
        />
        <circle
          class="transition fill-white dark:fill-black stroke-black dark:stroke-white"
          cx="0"
          cy="20.21505376344086"
          r="3"
          stroke-width="1.5"
        />
        <circle
          class="transition fill-white dark:fill-black stroke-black dark:stroke-white"
          cx="0"
          cy="19.35483870967742"
          r="3"
          stroke-width="1.5"
        />
        <circle
          class="transition fill-white dark:fill-black stroke-black dark:stroke-white"
          cx="0"
          cy="18.9247311827957"
          r="3"
          stroke-width="1.5"
        />
        <circle
          class="transition fill-white dark:fill-black stroke-black dark:stroke-white"
          cx="0"
          cy="15.483870967741936"
          r="3"
          stroke-width="1.5"
        />
        <circle
          class="transition fill-white dark:fill-black stroke-black dark:stroke-white"
          cx="0"
          cy="15.053763440860216"
          r="3"
          stroke-width="1.5"
        />
        <circle
          class="transition fill-white dark:fill-black stroke-black dark:stroke-white"
          cx="0"
          cy="14.193548387096776"
          r="3"
          stroke-width="1.5"
        />
        <circle
          class="transition fill-white dark:fill-black stroke-black dark:stroke-white"
          cx="0"
          cy="12.043010752688168"
          r="3"
          stroke-width="1.5"
        />
        <circle
          class="transition fill-white dark:fill-black stroke-black dark:stroke-white"
          cx="0"
          cy="10.752688172043008"
          r="3"
          stroke-width="1.5"
        />
        <circle
          class="transition fill-white dark:fill-black stroke-black dark:stroke-white"
          cx="0"
          cy="10.322580645161288"
          r="3"
          stroke-width="1.5"
        />
        <circle
          class="transition fill-white dark:fill-black stroke-black dark:stroke-white"
          cx="0"
          cy="9.032258064516128"
          r="3"
          stroke-width="1.5"
        />
        <circle
          class="transition fill-white dark:fill-black stroke-black dark:stroke-white"
          cx="0"
          cy="8.602150537634408"
          r="3"
          stroke-width="1.5"
        />
        <circle
          class="transition fill-white dark:fill-black stroke-black dark:stroke-white"
          cx="0"
          cy="8.172043010752688"
          r="3"
          stroke-width="1.5"
        />
        <circle
          class="transition fill-white dark:fill-black stroke-black dark:stroke-white"
          cx="0"
          cy="7.741935483870968"
          r="3"
          stroke-width="1.5"
        />
        <circle
          class="transition fill-white dark:fill-black stroke-black dark:stroke-white"
          cx="0"
          cy="7.311827956989248"
          r="3"
          stroke-width="1.5"
        />
        <circle
          class="transition fill-white dark:fill-black stroke-black dark:stroke-white"
          cx="0"
          cy="6.451612903225808"
          r="3"
          stroke-width="1.5"
        />
        <circle
          class="transition fill-white dark:fill-black stroke-black dark:stroke-white"
          cx="0"
          cy="5.591397849462368"
          r="3"
          stroke-width="1.5"
        />
        <circle
          class="transition fill-white dark:fill-black stroke-black dark:stroke-white"
          cx="0"
          cy="3.8709677419354875"
          r="3"
          stroke-width="1.5"
        />
        <circle
          class="transition fill-white dark:fill-black stroke-black dark:stroke-white"
          cx="0"
          cy="0"
          r="3"
          stroke-width="1.5"
        />
        <rect
          class="fill-transparent hover:fill-neutral-500 opacity-20 transition"
          height="0"
          width="0"
          x="0"
          y="0"
        />
        <rect
          class="fill-transparent hover:fill-neutral-500 opacity-20 transition"
          height="0"
          width="0"
          x="0"
          y="0"
        />
        <rect
          class="fill-transparent hover:fill-neutral-500 opacity-20 transition"
          height="0"
          width="0"
          x="0"
          y="0"
        />
        <rect
          class="fill-transparent hover:fill-neutral-500 opacity-20 transition"
          height="0"
          width="0"
          x="0"
          y="0"
        />
        <rect
          class="fill-transparent hover:fill-neutral-500 opacity-20 transition"
          height="0"
          width="0"
          x="0"
          y="0"
        />
        <rect
          class="fill-transparent hover:fill-neutral-500 opacity-20 transition"
          height="0"
          width="0"
          x="0"
          y="0"
        />
        <rect
          class="fill-transparent hover:fill-neutral-500 opacity-20 transition"
          height="0"
          width="0"
          x="0"
          y="0"
        />
        <rect
          class="fill-transparent hover:fill-neutral-500 opacity-20 transition"
          height="0"
          width="0"
          x="0"
          y="0"
        />
        <rect
          class="fill-transparent hover:fill-neutral-500 opacity-20 transition"
          height="0"
          width="0"
          x="0"
          y="0"
        />
        <rect
          class="fill-transparent hover:fill-neutral-500 opacity-20 transition"
          height="0"
          width="0"
          x="0"
          y="0"
        />
        <rect
          class="fill-transparent hover:fill-neutral-500 opacity-20 transition"
          height="0"
          width="0"
          x="0"
          y="0"
        />
        <rect
          class="fill-transparent hover:fill-neutral-500 opacity-20 transition"
          height="0"
          width="0"
          x="0"
          y="0"
        />
        <rect
          class="fill-transparent hover:fill-neutral-500 opacity-20 transition"
          height="0"
          width="0"
          x="0"
          y="0"
        />
        <rect
          class="fill-transparent hover:fill-neutral-500 opacity-20 transition"
          height="0"
          width="0"
          x="0"
          y="0"
        />
        <rect
          class="fill-transparent hover:fill-neutral-500 opacity-20 transition"
          height="0"
          width="0"
          x="0"
          y="0"
        />
        <rect
          class="fill-transparent hover:fill-neutral-500 opacity-20 transition"
          height="0"
          width="0"
          x="0"
          y="0"
        />
        <rect
          class="fill-transparent hover:fill-neutral-500 opacity-20 transition"
          height="0"
          width="0"
          x="0"
          y="0"
        />
        <rect
          class="fill-transparent hover:fill-neutral-500 opacity-20 transition"
          height="0"
          width="0"
          x="0"
          y="0"
        />
        <rect
          class="fill-transparent hover:fill-neutral-500 opacity-20 transition"
          height="0"
          width="0"
          x="0"
          y="0"
        />
        <rect
          class="fill-transparent hover:fill-neutral-500 opacity-20 transition"
          height="0"
          width="0"
          x="0"
          y="0"
        />
        <rect
          class="fill-transparent hover:fill-neutral-500 opacity-20 transition"
          height="0"
          width="0"
          x="0"
          y="0"
        />
        <rect
          class="fill-transparent hover:fill-neutral-500 opacity-20 transition"
          height="0"
          width="0"
          x="0"
          y="0"
        />
        <rect
          class="fill-transparent hover:fill-neutral-500 opacity-20 transition"
          height="0"
          width="0"
          x="0"
          y="0"
        />
        <rect
          class="fill-transparent hover:fill-neutral-500 opacity-20 transition"
          height="0"
          width="0"
          x="0"
          y="0"
        />
        <rect
          class="fill-transparent hover:fill-neutral-500 opacity-20 transition"
          height="0"
          width="0"
          x="0"
          y="0"
        />
        <rect
          class="fill-transparent hover:fill-neutral-500 opacity-20 transition"
          height="0"
          width="0"
          x="0"
          y="0"
        />
        <rect
          class="fill-transparent hover:fill-neutral-500 opacity-20 transition"
          height="0"
          width="0"
          x="0"
          y="0"
        />
        <rect
          class="fill-transparent hover:fill-neutral-500 opacity-20 transition"
          height="0"
          width="0"
          x="0"
          y="0"
        />
        <rect
          class="fill-transparent hover:fill-neutral-500 opacity-20 transition"
          height="0"
          width="0"
          x="0"
          y="0"
        />
        <rect
          class="fill-transparent hover:fill-neutral-500 opacity-20 transition"
          height="0"
          width="0"
          x="0"
          y="0"
        />
      </g>
    </svg>
    <div
      class="absolute -top-px -left-px p-3 text-sm rounded max-w-fit h-[90px] pointer-events-none bg-neutral-100 dark:bg-neutral-900 border border-card transition opacity-0 invisible"
    >
      <div>
        <div
          class="text-muted mb-1.5"
        >
          30
           days ago
        </div>
        <div>
          <span
            class="font-semibold"
          >
            Total comments:
          </span>
           
          0
        </div>
        <div>
          <span
            class="font-semibold"
          >
            New comments:
          </span>
           
          0
        </div>
      </div>
    </div>
  </div>
</div>
`;
